Started 2026-08-16T23:05:28.779Z
cc-az-coolidge-gateway-aguila cover.jpg https://www.centurycommunities.com/globalassets/century/assets/elevations--amenities/cmp/a---interior-photos/arizona/aguila---furnished/entrada-del-toro-aguila-model---great-room-and-kitchen.jpg
cc-az-coolidge-gateway-aguila 01.jpg https://www.centurycommunities.com/globalassets/century/assets/elevations--amenities/cmp/a---interior-photos/arizona/aguila---furnished/entrada-del-toro-aguila-model---great-room.jpg
cc-az-coolidge-gateway-aguila 02.jpg https://www.centurycommunities.com/globalassets/century/assets/elevations--amenities/cmp/a---interior-photos/arizona/aguila---furnished/aguila-great-room.jpg
cc-az-coolidge-gateway-aguila 03.jpg https://www.centurycommunities.com/globalassets/century/assets/elevations--amenities/cmp/a---interior-photos/arizona/aguila---furnished/entrada-del-toro-aguila-model---dining-and-kitchen.jpg
cc-az-coolidge-gateway-jasmine cover.jpg https://www.centurycommunities.com/globalassets/century/assets/elevations--amenities/cmp/cmp-az/az---coolidge-gateway-manor/jasmine/coolidge-jasmine-a-shingle-no-glass-garage-door-gen3-elev_dsk.jpg
cc-az-coolidge-gateway-jasmine 01.jpg https://www.centurycommunities.com/globalassets/century/assets/elevations--amenities/cmp/cmp-az/az---coolidge-gateway-manor/jasmine/coolidge-jasmine-b-shingle-no-glass-garage-door-gen3-elev_dsk.jpg
cc-az-coolidge-gateway-jasmine 02.jpg https://www.centurycommunities.com/globalassets/century/assets/elevations--amenities/cmp/cmp-az/az---coolidge-gateway-manor/jasmine/coolidge-jasmine-c-shingle-no-glass-garage-door-gen3-elev_dsk.jpg
cc-az-coolidge-gateway-jasmine 03.jpg https://www.centurycommunities.com/globalassets/century/assets/elevations--amenities/cmp/cmp-az/az---coolidge-gateway-manor/jasmine/jasmine-2016-coolidge-gateway-floor-1.jpg
cc-az-coolidge-gateway-sage cover.jpg https://www.centurycommunities.com/globalassets/century/assets/elevations--amenities/cmp/cmp-az/az---coolidge-gateway-manor/sage/sage-a-shingle-no-glass-garage-door-gen3-elev_dsk.jpg
cc-az-coolidge-gateway-sage 01.jpg https://www.centurycommunities.com/globalassets/century/assets/elevations--amenities/cmp/cmp-az/az---coolidge-gateway-manor/sage/sage-b-shingle-no-glass-garage-door-gen3-elev_dsk.jpg
cc-az-coolidge-gateway-sage 02.jpg https://www.centurycommunities.com/globalassets/century/assets/elevations--amenities/cmp/cmp-az/az---coolidge-gateway-manor/sage/sage-c-shingle-no-glass-garage-door-gen3-elev_dsk.jpg
cc-az-coolidge-gateway-sage 03.jpg https://www.centurycommunities.com/globalassets/century/assets/elevations--amenities/cmp/cmp-az/az---coolidge-gateway-manor/sage/sage-2179-coolidge-gateway-floor-1.jpg
cc-az-coolidge-gateway-troon cover.jpg https://www.centurycommunities.com/globalassets/century/assets/elevations--amenities/cmp/a---interior-photos/arizona/troon---furnished/entrada-del-toro-troon-model---great-room-1.jpg
cc-az-coolidge-gateway-troon 01.jpg https://www.centurycommunities.com/globalassets/century/assets/elevations--amenities/cmp/a---interior-photos/arizona/troon---furnished/entrada-del-toro-troon-model---great-room-2.jpg
cc-az-coolidge-gateway-troon 02.jpg https://www.centurycommunities.com/globalassets/century/assets/elevations--amenities/cmp/a---interior-photos/arizona/troon---furnished/entrada-del-toro-troon-model---great-room-3.jpg
cc-az-coolidge-gateway-troon 03.jpg https://www.centurycommunities.com/globalassets/century/assets/elevations--amenities/cmp/a---interior-photos/arizona/troon---furnished/entrada-del-toro-troon-model---kitchen-1.jpg
cc-az-coolidge-gateway-ocotillo cover.jpg https://www.centurycommunities.com/globalassets/century/assets/elevations--amenities/cmp/cmp-az/az---coolidge-gateway-manor/ocotillo/coolidge-ocotillo-a-shingle-no-glass-garage-door-gen3-elev_dsk.jpg
cc-az-coolidge-gateway-ocotillo 01.jpg https://www.centurycommunities.com/globalassets/century/assets/elevations--amenities/cmp/cmp-az/az---coolidge-gateway-manor/ocotillo/coolidge-ocotillo-b-shingle-no-glass-garage-door-gen3-elev_dsk.jpg
cc-az-coolidge-gateway-ocotillo 02.jpg https://www.centurycommunities.com/globalassets/century/assets/elevations--amenities/cmp/cmp-az/az---coolidge-gateway-manor/ocotillo/coolidge-ocotillo-c-shingle-no-glass-garage-door-gen3-elev_dsk.jpg
cc-az-coolidge-gateway-ocotillo 03.jpg https://www.centurycommunities.com/globalassets/century/assets/elevations--amenities/cmp/cmp-az/az---coolidge-gateway-manor/ocotillo/ocotillo-2658-coolidge-gateway-floor-1.jpg
cc-co-windler-monroe-21221 cover.jpg https://www.centurycommunities.com/globalassets/century/assets/elevations--amenities/ccs/ccs-co/windler/22-alley---boulevard-i/elevations/monroe---21221/21221-a-gen3-elev_dsk.jpg
cc-co-windler-monroe-21221 01.jpg https://www.centurycommunities.com/globalassets/century/assets/elevations--amenities/ccs/ccs-co/windler/22-alley---boulevard-i/elevations/monroe---21221/21221-b-gen3-elev_dsk.jpg
cc-co-windler-monroe-21221 02.jpg https://www.centurycommunities.com/globalassets/century/assets/elevations--amenities/ccs/ccs-co/windler/22-alley---boulevard-i/elevations/monroe---21221/21221-c-gen3-elev_dsk.jpg
cc-co-windler-monroe-21221 03.jpg https://www.centurycommunities.com/globalassets/century/assets/elevations--amenities/ccs/ccs-co/windler/22-alley---boulevard-i/floorplans/21221/21221-windler-floor-1.jpg
cc-co-windler-cambridge-21222 cover.jpg https://www.centurycommunities.com/globalassets/century/assets/elevations--amenities/ccs/ccs-co/windler/22-alley---boulevard-i/elevations/cambridge---21222/21222-a-gen3-elev_dsk.jpg
cc-co-windler-cambridge-21222 01.jpg https://www.centurycommunities.com/globalassets/century/assets/elevations--amenities/ccs/ccs-co/windler/22-alley---boulevard-i/elevations/cambridge---21222/21222-c-gen3-elev_dsk.jpg
cc-co-windler-cambridge-21222 02.jpg https://www.centurycommunities.com/globalassets/century/assets/elevations--amenities/ccs/ccs-co/windler/22-alley---boulevard-i/elevations/cambridge---21222/21222-b-gen3-elev_dsk.jpg
cc-co-windler-cambridge-21222 03.jpg https://www.centurycommunities.com/globalassets/century/assets/elevations--amenities/ccs/ccs-co/windler/22-alley---boulevard-i/floorplans/21222/21222-windler-floor-1.jpg
cc-co-windler-bellmont-21224 cover.jpg https://www.centurycommunities.com/globalassets/century/assets/elevations--amenities/ccs/ccs-co/windler/22-alley---boulevard-i/elevations/belmont---21224/21224-a-gen3-elev_dsk.jpg
cc-co-windler-bellmont-21224 01.jpg https://www.centurycommunities.com/globalassets/century/assets/elevations--amenities/ccs/ccs-co/windler/22-alley---boulevard-i/elevations/belmont---21224/21224-b-gen3-elev_dsk.jpg
cc-co-windler-bellmont-21224 02.jpg https://www.centurycommunities.com/globalassets/century/assets/elevations--amenities/ccs/ccs-co/windler/22-alley---boulevard-i/elevations/belmont---21224/21224-c-gen3-elev_dsk.jpg
cc-co-windler-bellmont-21224 03.jpg https://www.centurycommunities.com/globalassets/century/assets/elevations--amenities/ccs/ccs-co/windler/22-alley---boulevard-i/floorplans/21224/21224-windler-floor-1.jpg
cc-co-windler-rosewood-21225 cover.jpg https://www.centurycommunities.com/globalassets/century/assets/elevations--amenities/ccs/ccs-co/windler/22-alley---boulevard-i/elevations/rosewood---21225/21225-a-gen3-elev_dsk.jpg
cc-co-windler-rosewood-21225 01.jpg https://www.centurycommunities.com/globalassets/century/assets/elevations--amenities/ccs/ccs-co/windler/22-alley---boulevard-i/elevations/rosewood---21225/21225-c-gen3-elev_dsk.jpg
cc-co-windler-rosewood-21225 02.jpg https://www.centurycommunities.com/globalassets/century/assets/elevations--amenities/ccs/ccs-co/windler/22-alley---boulevard-i/elevations/rosewood---21225/21225-b-gen3-elev_dsk.jpg
cc-co-windler-rosewood-21225 03.jpg https://www.centurycommunities.com/globalassets/century/assets/elevations--amenities/ccs/ccs-co/windler/22-alley---boulevard-i/floorplans/21225/21225-windler-floor-1.jpg
cc-co-windler-winslow-21325 cover.jpg https://www.centurycommunities.com/globalassets/century/assets/elevations--amenities/ccs/ccs-co/windler/22-alley---boulevard-i/elevations/winslow---21325/21325-a-gen3-elev_dsk.jpg
cc-co-windler-winslow-21325 01.jpg https://www.centurycommunities.com/globalassets/century/assets/elevations--amenities/ccs/ccs-co/windler/22-alley---boulevard-i/elevations/winslow---21325/21325-b-gen3-elev_dsk.jpg
cc-co-windler-winslow-21325 02.jpg https://www.centurycommunities.com/globalassets/century/assets/elevations--amenities/ccs/ccs-co/windler/22-alley---boulevard-i/floorplans/21325/21325-windler-floor-1.jpg
cc-co-windler-winslow-21325 03.jpg https://www.centurycommunities.com/globalassets/century/assets/elevations--amenities/ccs/ccs-co/windler/22-alley---boulevard-i/floorplans/21325/21325-windler-floor-2.jpg
cc-tx-stallion-run-dartford cover.jpg https://www.centurycommunities.com/globalassets/century/assets/elevations--amenities/ccs/ccs-tx/austin/01-elevations/dartford/dartford-elev-a.png
cc-tx-stallion-run-dartford 01.jpg https://www.centurycommunities.com/globalassets/century/assets/elevations--amenities/ccs/ccs-tx/austin/01-elevations/dartford/dartford-elev-b.png
cc-tx-stallion-run-dartford 02.jpg https://www.centurycommunities.com/globalassets/century/assets/elevations--amenities/ccs/ccs-tx/austin/01-elevations/dartford/dartford-elev-c.png
cc-tx-stallion-run-dartford 03.jpg https://www.centurycommunities.com/globalassets/century/assets/elevations--amenities/ccs/ccs-tx/austin/01-elevations/dartford/dartford-elev-d.png
cc-tx-stallion-run-lexington cover.jpg https://www.centurycommunities.com/globalassets/century/assets/elevations--amenities/ccs/ccs-tx/austin/the-ridge-at-trinity-ranch/lexington/lexington-c4-gen3-elev_dsk.jpg
cc-tx-stallion-run-lexington 01.jpg https://www.centurycommunities.com/globalassets/century/assets/elevations--amenities/ccs/ccs-tx/austin/the-ridge-at-trinity-ranch/lexington/lexington-b2-gen3-elev_dsk-1.jpg
cc-tx-stallion-run-lexington 02.jpg https://www.centurycommunities.com/globalassets/century/assets/elevations--amenities/ccs/ccs-tx/austin/the-ridge-at-trinity-ranch/lexington/lexington-a1-gen3-elev_dsk-1.jpg
cc-tx-stallion-run-lexington 03.jpg https://www.centurycommunities.com/globalassets/century/assets/elevations--amenities/ccs/ccs-tx/austin/the-ridge-at-trinity-ranch/lexington/lexington-floor-1.jpg
cc-tx-stallion-run-pinion cover.jpg https://www.centurycommunities.com/globalassets/century/assets/elevations--amenities/ccs/ccs-tx/austin/the-overlook-at-trinity-ranch/pinion/21_pinion_overlook.trinityranch_kitchen.dining.like.jpg
cc-tx-stallion-run-pinion 01.jpg https://www.centurycommunities.com/globalassets/century/assets/elevations--amenities/ccs/ccs-tx/austin/the-overlook-at-trinity-ranch/pinion/24_pinion_overlook.trinityranch_dining.jpg
cc-tx-stallion-run-pinion 02.jpg https://www.centurycommunities.com/globalassets/century/assets/elevations--amenities/ccs/ccs-tx/austin/the-overlook-at-trinity-ranch/pinion/01_pinion_overlook.trinityranch_primary-suite.jpg
cc-tx-stallion-run-pinion 03.jpg https://www.centurycommunities.com/globalassets/century/assets/elevations--amenities/ccs/ccs-tx/austin/the-overlook-at-trinity-ranch/pinion/11_pinion_overlook.trinityranch_primarycloset.jpg
cc-tx-stallion-run-laurel cover.jpg https://www.centurycommunities.com/globalassets/century/assets/elevations--amenities/ccs/ccs-tx/austin/stallion-run/stallion-run-the-glen/laurel/laurel-c2-gen3-elev_dsk.jpg
cc-tx-stallion-run-laurel 01.jpg https://www.centurycommunities.com/globalassets/century/assets/elevations--amenities/ccs/ccs-tx/austin/stallion-run/stallion-run-the-glen/laurel/laurel-b2-gen3-elev_dsk-1.jpg
cc-tx-stallion-run-laurel 02.jpg https://www.centurycommunities.com/globalassets/century/assets/elevations--amenities/ccs/ccs-tx/austin/stallion-run/stallion-run-the-glen/laurel/laurel-a1-gen3-elev_dsk.jpg
cc-tx-stallion-run-laurel 03.jpg https://www.centurycommunities.com/globalassets/century/assets/elevations--amenities/ccs/ccs-tx/austin/stallion-run/stallion-run-the-glen/laurel/laurel-stallionrun-floor-1.jpg
cc-tx-stallion-run-heron cover.jpg https://www.centurycommunities.com/globalassets/century/assets/elevations--amenities/ccs/ccs-tx/austin/01-elevations/heron/heron-elev-a.png
cc-tx-stallion-run-heron 01.jpg https://www.centurycommunities.com/globalassets/century/assets/elevations--amenities/ccs/ccs-tx/austin/01-elevations/heron/heron-elev-c.png
cc-tx-stallion-run-heron 02.jpg https://www.centurycommunities.com/globalassets/century/assets/elevations--amenities/ccs/ccs-tx/austin/01-elevations/heron/heron-elev-b.png
cc-tx-stallion-run-heron 03.jpg https://www.centurycommunities.com/globalassets/century/assets/elevations--amenities/ccs/ccs-tx/austin/01-elevations/heron/heron-2-car-floor-1.jpg
cc-fl-grand-oaks-prescott cover.jpg https://www.centurycommunities.com/globalassets/century/assets/elevations--amenities/cmp/cmp-fl/fl-grand-oaks/prescott/prescott-a-elev_dsk-1-1-resized.jpg
cc-fl-grand-oaks-prescott 01.jpg https://www.centurycommunities.com/globalassets/century/assets/elevations--amenities/cmp/cmp-fl/fl-grand-oaks/prescott/prescott-b-elev_dsk_resized.jpg
cc-fl-grand-oaks-prescott 02.jpg https://www.centurycommunities.com/globalassets/century/assets/elevations--amenities/cmp/cmp-fl/fl-grand-oaks/prescott/12-web-or-mls-2127-nw-23rd-loop-012.jpg
cc-fl-grand-oaks-prescott 03.jpg https://www.centurycommunities.com/globalassets/century/assets/elevations--amenities/cmp/cmp-fl/fl-grand-oaks/prescott/13-web-or-mls-2127-nw-23rd-loop-013.jpg
cc-fl-grand-oaks-quail-ridge cover.jpg https://www.centurycommunities.com/globalassets/century/assets/elevations--amenities/cmp/cmp-fl/fl-grand-oaks/quail-ridge/quail-ridge-a-coach-elev_dsk.jpg
cc-fl-grand-oaks-quail-ridge 01.jpg https://www.centurycommunities.com/globalassets/century/assets/elevations--amenities/cmp/cmp-fl/fl-grand-oaks/quail-ridge/quail-ridge-b-coach-elev_dsk-3.jpg
cc-fl-grand-oaks-quail-ridge 02.jpg https://www.centurycommunities.com/globalassets/century/assets/elevations--amenities/cmp/cmp-fl/fl-grand-oaks/quail-ridge/1-grandview-dr_photoshopped-quincy_no_house_number.png
cc-fl-grand-oaks-quail-ridge 03.jpg https://www.centurycommunities.com/globalassets/century/assets/elevations--amenities/cmp/cmp-fl/fl-grand-oaks/quail-ridge/marion-oaks-blvd-015resized.jpg
cc-fl-grand-oaks-coryell cover.jpg https://www.centurycommunities.com/globalassets/century/assets/elevations--amenities/cmp/cmp-fl/fl-grand-oaks/coryell/coryell-a-elev_dsk-1-resized.jpg
cc-fl-grand-oaks-coryell 01.jpg https://www.centurycommunities.com/globalassets/century/assets/elevations--amenities/cmp/cmp-fl/fl-grand-oaks/coryell/coryell-b-elev_dsk-1-resized.jpg
cc-fl-grand-oaks-coryell 02.jpg https://www.centurycommunities.com/globalassets/century/assets/elevations--amenities/cmp/cmp-fl/fl-grand-oaks/coryell/coryell-floor-1.jpg
cc-fl-grand-oaks-coryell 03.jpg https://www.centurycommunities.com/globalassets/century/assets/elevations--amenities/cmp/cmp-fl/fl-grand-oaks/636-grand-oaks.jpg
cc-fl-grand-oaks-cambria cover.jpg https://www.centurycommunities.com/globalassets/century/assets/elevations--amenities/cmp/a---interior-photos/cambria/unfurnished-interior/11-web-or-mls-dahlia-dr-s2506-011.jpg
cc-fl-grand-oaks-cambria 01.jpg https://www.centurycommunities.com/globalassets/century/assets/elevations--amenities/cmp/a---interior-photos/cambria/unfurnished-interior/12-web-or-mls-dahlia-dr-s2506-012.jpg
cc-fl-grand-oaks-cambria 02.jpg https://www.centurycommunities.com/globalassets/century/assets/elevations--amenities/cmp/a---interior-photos/cambria/unfurnished-interior/15-web-or-mls-dahlia-dr-s2506-015.jpg
cc-fl-grand-oaks-cambria 03.jpg https://www.centurycommunities.com/globalassets/century/assets/elevations--amenities/cmp/a---interior-photos/cambria/unfurnished-interior/25-web-or-mls-dahlia-dr-s2506-025.jpg
cc-fl-grand-oaks-edinburg cover.jpg https://www.centurycommunities.com/globalassets/century/assets/elevations--amenities/cmp/cmp-fl/fl-grand-oaks/edinburg/edinburg-a-elev_dsk-1-resized.jpg
cc-fl-grand-oaks-edinburg 01.jpg https://www.centurycommunities.com/globalassets/century/assets/elevations--amenities/cmp/cmp-fl/fl-grand-oaks/edinburg/edinburg-b-elev_dsk-1-resized.jpg
cc-fl-grand-oaks-edinburg 02.jpg https://www.centurycommunities.com/globalassets/century/assets/elevations--amenities/cmp/cmp-fl/fl-grand-oaks/edinburg/edinburg-floor-1.jpg
cc-fl-grand-oaks-edinburg 03.jpg https://www.centurycommunities.com/globalassets/century/assets/elevations--amenities/cmp/cmp-fl/fl-grand-oaks/edinburg/edinburg-a-elev_dsk-1-resized.jpg
cc-ga-garden-walk-auburn cover.jpg https://www.centurycommunities.com/globalassets/century/assets/elevations--amenities/cmp/cmp-ga/ga-garden-walk/auburn/2nd-floor-bedroom-2.2.jpg
cc-ga-garden-walk-auburn 01.jpg https://www.centurycommunities.com/globalassets/century/assets/elevations--amenities/cmp/cmp-ga/ga-garden-walk/auburn/2nd-floor-bedroom-3.1-1.jpg
cc-ga-garden-walk-auburn 02.jpg https://www.centurycommunities.com/globalassets/century/assets/elevations--amenities/cmp/cmp-ga/ga-garden-walk/auburn-a2-elev-resized.jpg
cc-ga-garden-walk-auburn 03.jpg https://www.centurycommunities.com/globalassets/century/assets/elevations--amenities/cmp/cmp-ga/ga-garden-walk/auburn-b2s-elev-resized.jpg
cc-ga-garden-walk-dupont cover.jpg https://www.centurycommunities.com/globalassets/century/assets/elevations--amenities/cmp/cmp-ga/ga-garden-walk/dupont-a2-elev_dsk-1-resized.jpg
cc-ga-garden-walk-dupont 01.jpg https://www.centurycommunities.com/globalassets/century/assets/elevations--amenities/cmp/cmp-ga/ga-garden-walk/dupont-b2s-elev_dsk-1-resized.jpg
cc-ga-garden-walk-dupont 02.jpg https://www.centurycommunities.com/globalassets/century/assets/elevations--amenities/cmp/cmp-ga/ga-garden-walk/dupont/054-221-purple-martin-drive-toney-al-16.jpg
cc-ga-garden-walk-dupont 03.jpg https://www.centurycommunities.com/globalassets/century/assets/elevations--amenities/cmp/cmp-ga/ga-garden-walk/dupont/055-221-purple-martin-drive-toney-al-19.jpg
cc-ga-garden-walk-essex cover.jpg https://www.centurycommunities.com/globalassets/century/assets/elevations--amenities/cmp/cmp-ga/ga-garden-walk/essex-a2-elev_dsk-resized.jpg
cc-ga-garden-walk-essex 01.jpg https://www.centurycommunities.com/globalassets/century/assets/elevations--amenities/cmp/cmp-ga/ga-garden-walk/essex-b2s-elev_dsk-1-resized.jpg
cc-ga-garden-walk-essex 02.jpg https://www.centurycommunities.com/globalassets/century/assets/elevations--amenities/cmp/cmp-ga/ga-garden-walk/essex/110-newland-dr--008.jpg
cc-ga-garden-walk-essex 03.jpg https://www.centurycommunities.com/globalassets/century/assets/elevations--amenities/cmp/cmp-ga/ga-garden-walk/essex/110-newland-dr--009.jpg
cc-ga-garden-walk-gardner cover.jpg https://www.centurycommunities.com/globalassets/century/assets/elevations--amenities/cmp/cmp-ga/ga-garden-walk/gardner-a2-elev_dsk-1-resized.jpg
cc-ga-garden-walk-gardner 01.jpg https://www.centurycommunities.com/globalassets/century/assets/elevations--amenities/cmp/cmp-ga/ga-garden-walk/gardner-b2s-elev_dsk-1-resized.jpg
cc-ga-garden-walk-gardner 02.jpg https://www.centurycommunities.com/globalassets/century/assets/elevations--amenities/cmp/cmp-ga/ga-garden-walk/gardner-floor-1.jpg
cc-ga-garden-walk-gardner 03.jpg https://www.centurycommunities.com/globalassets/century/assets/elevations--amenities/cmp/cmp-ga/ga-garden-walk/gardner-floor-2.jpg
cc-ga-twin-rivers-kingston cover.jpg https://www.centurycommunities.com/globalassets/century/assets/elevations--amenities/cmp/a---interior-photos/kingston/furnished-model/9-web-or-mls-newland-dr-0805-009.jpg
cc-ga-twin-rivers-kingston 01.jpg https://www.centurycommunities.com/globalassets/century/assets/elevations--amenities/cmp/a---interior-photos/kingston/furnished-model/10-web-or-mls-newland-dr-0805-010.jpg
cc-ga-twin-rivers-kingston 02.jpg https://www.centurycommunities.com/globalassets/century/assets/elevations--amenities/cmp/a---interior-photos/kingston/furnished-model/12-web-or-mls-newland-dr-0805-012.jpg
cc-ga-twin-rivers-kingston 03.jpg https://www.centurycommunities.com/globalassets/century/assets/elevations--amenities/cmp/a---interior-photos/kingston/furnished-model/13-web-or-mls-newland-dr-0805-013.jpg
1x ea5f31092223232047423ddbe49ec4b3 -> cc-az-coolidge-gateway-aguila
1x d344851bc88ec6defddd55e523bf7d54 -> cc-az-coolidge-gateway-jasmine
1x c6b30ad42382d5dcd6b1b89fd1df10ce -> cc-az-coolidge-gateway-ocotillo
1x f46834c6402ce3bd504de9dc8cae8b15 -> cc-az-coolidge-gateway-sage
1x c98ed05de1ccbedc7fb0f6e376a9b40c -> cc-az-coolidge-gateway-troon
1x bd12698ddfde8f44dd01e3a3828a770e -> cc-co-windler-bellmont-21224
1x d76f3fc7f9e7a31390ecec1b5bf62ea5 -> cc-co-windler-cambridge-21222
1x 8b3242d36cade3b6da3b6cbb9da33684 -> cc-co-windler-monroe-21221
1x 05c2aa501d423c91c6ac13457c0fca0c -> cc-co-windler-rosewood-21225
1x 2281c783e6c52faa505fe6297ae0248f -> cc-co-windler-winslow-21325
1x ddc26420ca128c10632fbb755c6bfc20 -> cc-fl-grand-oaks-cambria
1x e761b0cd7aed3747ccaf5de6b0ea1ddc -> cc-fl-grand-oaks-coryell
1x 7983b8529bd5730e90f51bfa3d89fbaf -> cc-fl-grand-oaks-edinburg
1x 1daa55b1700666629295cb5a4389063c -> cc-fl-grand-oaks-prescott
1x 7cef008318fa0f10f38b42f1767edcd4 -> cc-fl-grand-oaks-quail-ridge
1x e12052eea41a4ca08ab6dda2fdab8f0a -> cc-ga-garden-walk-auburn
1x 492e4485f717de9b9dfe85a9e0a79f1f -> cc-ga-garden-walk-dupont
1x 16fc36fe319fd3f0f25bb68ecdd87eb1 -> cc-ga-garden-walk-essex
1x 41b23548a988b8975cbdf5a101922f12 -> cc-ga-garden-walk-gardner
1x 789f726093dbd52fb245f5c80e195b73 -> cc-ga-twin-rivers-kingston
1x e916f84e1810808155e42a61cff4bfa1 -> cc-tx-stallion-run-dartford
1x 49db47b0e9e304b12f816da867fb71ea -> cc-tx-stallion-run-heron
1x 2cd5898e1fc441131b3d8aed6d531a8b -> cc-tx-stallion-run-laurel
1x f253420c4e20dc2215d9544fff1d944a -> cc-tx-stallion-run-lexington
1x 0fb3f51e9536d91b5a50a134262ee198 -> cc-tx-stallion-run-pinion
